[INFO ] 2025-01-10 13:08:02.070 [main] Utils - [TestNG] Running:
  C:\Users\apoor\AppData\Local\JetBrains\IdeaIC2023.2\temp-testng-customsuite.xml

[INFO ] 2025-01-10 13:34:22.951 [main] Utils - [TestNG] Running:
  D:\Selenium Project\E2EFramwork\testng-API.xml

[ERROR] 2025-01-10 13:42:07.268 [main] AzureBlobClient - Failed to create Azure Blob Storage client
java.lang.IllegalArgumentException: Invalid URL format. URL: null
	at com.azure.storage.blob.BlobUrlParts.parse(BlobUrlParts.java:349) ~[azure-storage-blob-12.28.0.jar:12.28.0]
	at com.azure.storage.blob.implementation.util.BuilderHelper.httpsValidation(BuilderHelper.java:192) ~[azure-storage-blob-12.28.0.jar:12.28.0]
	at com.azure.storage.blob.implementation.util.BuilderHelper.buildPipeline(BuilderHelper.java:123) ~[azure-storage-blob-12.28.0.jar:12.28.0]
	at com.azure.storage.blob.BlobServiceClientBuilder.buildAsyncClient(BlobServiceClientBuilder.java:137) ~[azure-storage-blob-12.28.0.jar:12.28.0]
	at com.azure.storage.blob.BlobServiceClientBuilder.buildClient(BlobServiceClientBuilder.java:116) ~[azure-storage-blob-12.28.0.jar:12.28.0]
	at com.aventstack.chaintest.storage.AzureBlobClient.getServiceClient(AzureBlobClient.java:63) ~[chaintest-core-1.0.1.jar:?]
	at com.aventstack.chaintest.storage.AzureBlobClient.getContainerClient(AzureBlobClient.java:71) ~[chaintest-core-1.0.1.jar:?]
	at com.aventstack.chaintest.storage.AzureBlobClient.create(AzureBlobClient.java:47) ~[chaintest-core-1.0.1.jar:?]
	at com.aventstack.chaintest.service.ChainPluginService.startStorageService(ChainPluginService.java:135) ~[chaintest-core-1.0.1.jar:?]
	at com.aventstack.chaintest.service.ChainPluginService.init(ChainPluginService.java:99) ~[chaintest-core-1.0.1.jar:?]
	at java.util.Optional.ifPresent(Optional.java:178) [?:?]
	at com.aventstack.chaintest.service.ChainPluginService.start(ChainPluginService.java:90) [chaintest-core-1.0.1.jar:?]
	at com.aventstack.chaintest.plugins.ChainTestListener.onExecutionStart(ChainTestListener.java:29) [chaintest-testng-1.0.1.jar:?]
	at org.testng.TestNG.runExecutionListeners(TestNG.java:1129) [testng-7.10.2.jar:7.10.2]
	at org.testng.TestNG.run(TestNG.java:1074) [testng-7.10.2.jar:7.10.2]
	at com.intellij.rt.testng.IDEARemoteTestNG.run(IDEARemoteTestNG.java:66) [testng-rt.jar:?]
	at com.intellij.rt.testng.RemoteTestNGStarter.main(RemoteTestNGStarter.java:105) [testng-rt.jar:?]
Caused by: java.net.MalformedURLException: Cannot invoke "String.length()" because "spec" is null
	at java.net.URL.<init>(URL.java:806) ~[?:?]
	at java.net.URL.<init>(URL.java:654) ~[?:?]
	at java.net.URL.<init>(URL.java:590) ~[?:?]
	at com.azure.storage.blob.BlobUrlParts.parse(BlobUrlParts.java:347) ~[azure-storage-blob-12.28.0.jar:12.28.0]
	... 16 more
Caused by: java.lang.NullPointerException: Cannot invoke "String.length()" because "spec" is null
	at java.net.URL.<init>(URL.java:712) ~[?:?]
	at java.net.URL.<init>(URL.java:654) ~[?:?]
	at java.net.URL.<init>(URL.java:590) ~[?:?]
	at com.azure.storage.blob.BlobUrlParts.parse(BlobUrlParts.java:347) ~[azure-storage-blob-12.28.0.jar:12.28.0]
	... 16 more
[INFO ] 2025-01-10 13:42:08.829 [main] Utils - [TestNG] Running:
  D:\Selenium Project\E2EFramwork\testng-API.xml

[ERROR] 2025-01-10 15:06:06.966 [main] AzureBlobClient - Failed to create Azure Blob Storage client
java.lang.IllegalArgumentException: Invalid URL format. URL: null
	at com.azure.storage.blob.BlobUrlParts.parse(BlobUrlParts.java:349) ~[azure-storage-blob-12.28.0.jar:12.28.0]
	at com.azure.storage.blob.implementation.util.BuilderHelper.httpsValidation(BuilderHelper.java:192) ~[azure-storage-blob-12.28.0.jar:12.28.0]
	at com.azure.storage.blob.implementation.util.BuilderHelper.buildPipeline(BuilderHelper.java:123) ~[azure-storage-blob-12.28.0.jar:12.28.0]
	at com.azure.storage.blob.BlobServiceClientBuilder.buildAsyncClient(BlobServiceClientBuilder.java:137) ~[azure-storage-blob-12.28.0.jar:12.28.0]
	at com.azure.storage.blob.BlobServiceClientBuilder.buildClient(BlobServiceClientBuilder.java:116) ~[azure-storage-blob-12.28.0.jar:12.28.0]
	at com.aventstack.chaintest.storage.AzureBlobClient.getServiceClient(AzureBlobClient.java:63) ~[chaintest-core-1.0.1.jar:?]
	at com.aventstack.chaintest.storage.AzureBlobClient.getContainerClient(AzureBlobClient.java:71) ~[chaintest-core-1.0.1.jar:?]
	at com.aventstack.chaintest.storage.AzureBlobClient.create(AzureBlobClient.java:47) ~[chaintest-core-1.0.1.jar:?]
	at com.aventstack.chaintest.service.ChainPluginService.startStorageService(ChainPluginService.java:135) ~[chaintest-core-1.0.1.jar:?]
	at com.aventstack.chaintest.service.ChainPluginService.init(ChainPluginService.java:99) ~[chaintest-core-1.0.1.jar:?]
	at java.util.Optional.ifPresent(Optional.java:178) [?:?]
	at com.aventstack.chaintest.service.ChainPluginService.start(ChainPluginService.java:90) [chaintest-core-1.0.1.jar:?]
	at com.aventstack.chaintest.plugins.ChainTestListener.onExecutionStart(ChainTestListener.java:29) [chaintest-testng-1.0.1.jar:?]
	at org.testng.TestNG.runExecutionListeners(TestNG.java:1129) [testng-7.10.2.jar:7.10.2]
	at org.testng.TestNG.run(TestNG.java:1074) [testng-7.10.2.jar:7.10.2]
	at com.intellij.rt.testng.IDEARemoteTestNG.run(IDEARemoteTestNG.java:66) [testng-rt.jar:?]
	at com.intellij.rt.testng.RemoteTestNGStarter.main(RemoteTestNGStarter.java:105) [testng-rt.jar:?]
Caused by: java.net.MalformedURLException: Cannot invoke "String.length()" because "spec" is null
	at java.net.URL.<init>(URL.java:806) ~[?:?]
	at java.net.URL.<init>(URL.java:654) ~[?:?]
	at java.net.URL.<init>(URL.java:590) ~[?:?]
	at com.azure.storage.blob.BlobUrlParts.parse(BlobUrlParts.java:347) ~[azure-storage-blob-12.28.0.jar:12.28.0]
	... 16 more
Caused by: java.lang.NullPointerException: Cannot invoke "String.length()" because "spec" is null
	at java.net.URL.<init>(URL.java:712) ~[?:?]
	at java.net.URL.<init>(URL.java:654) ~[?:?]
	at java.net.URL.<init>(URL.java:590) ~[?:?]
	at com.azure.storage.blob.BlobUrlParts.parse(BlobUrlParts.java:347) ~[azure-storage-blob-12.28.0.jar:12.28.0]
	... 16 more
[INFO ] 2025-01-10 15:06:08.107 [main] Utils - [TestNG] Running:
  D:\Selenium Project\E2EFramwork\testng-UI.xml

[INFO ] 2025-01-10 15:06:19.090 [main] RegisterTest - --------------Started-------------------
[INFO ] 2025-01-10 15:06:33.065 [main] RegisterTest - --------------FINISHED-------------------
[INFO ] 2025-01-10 15:06:38.964 [main] LoginTestValidCred - --------------Started-------------------
[INFO ] 2025-01-10 15:06:42.603 [main] LoginTestValidCred - --------------FINISHED-------------------
[INFO ] 2025-01-10 15:06:57.422 [main] LoginTestInvalidCred - --------------Started-------------------
[INFO ] 2025-01-10 15:07:01.221 [main] LoginTestInvalidCred - --------------FINISHED-------------------
[INFO ] 2025-01-10 15:07:06.479 [main] LogoutTest - --------------Started-------------------
[INFO ] 2025-01-10 15:07:15.370 [main] LogoutTest - --------------FINISHED-------------------
[INFO ] 2025-01-10 15:07:33.148 [main] RegisterExistingUser - --------------Started-------------------
[INFO ] 2025-01-10 15:07:36.500 [main] RegisterExistingUser - --------------FINISHED-------------------
[INFO ] 2025-01-10 15:07:41.299 [main] ContactusTest - --------------Started-------------------
[INFO ] 2025-01-10 15:08:00.312 [main] ContactusTest - --------------FINISHED-------------------
[INFO ] 2025-01-10 15:08:23.995 [main] ProductTest_SearchBox - --------------Started-------------------
[INFO ] 2025-01-10 15:08:26.987 [main] ProductTest_SearchBox - --------------FINISHED-------------------
[INFO ] 2025-01-10 15:08:32.260 [main] SubscriptionTest - --------------Started-------------------
[INFO ] 2025-01-10 15:08:34.646 [main] SubscriptionTest - --------------FINISHED-------------------
[INFO ] 2025-01-10 15:08:48.700 [main] SubscriptionCartTest - --------------Started-------------------
[INFO ] 2025-01-10 15:08:52.845 [main] SubscriptionCartTest - --------------FINISHED-------------------
[INFO ] 2025-01-10 15:08:57.747 [main] RegisterTest - --------------Started-------------------
[INFO ] 2025-01-10 15:09:08.413 [main] RegisterTest - --------------FINISHED-------------------
[ERROR] 2025-01-10 15:22:28.885 [main] AzureBlobClient - Failed to create Azure Blob Storage client
java.lang.IllegalArgumentException: Invalid URL format. URL: null
	at com.azure.storage.blob.BlobUrlParts.parse(BlobUrlParts.java:349) ~[azure-storage-blob-12.28.0.jar:12.28.0]
	at com.azure.storage.blob.implementation.util.BuilderHelper.httpsValidation(BuilderHelper.java:192) ~[azure-storage-blob-12.28.0.jar:12.28.0]
	at com.azure.storage.blob.implementation.util.BuilderHelper.buildPipeline(BuilderHelper.java:123) ~[azure-storage-blob-12.28.0.jar:12.28.0]
	at com.azure.storage.blob.BlobServiceClientBuilder.buildAsyncClient(BlobServiceClientBuilder.java:137) ~[azure-storage-blob-12.28.0.jar:12.28.0]
	at com.azure.storage.blob.BlobServiceClientBuilder.buildClient(BlobServiceClientBuilder.java:116) ~[azure-storage-blob-12.28.0.jar:12.28.0]
	at com.aventstack.chaintest.storage.AzureBlobClient.getServiceClient(AzureBlobClient.java:63) ~[chaintest-core-1.0.1.jar:?]
	at com.aventstack.chaintest.storage.AzureBlobClient.getContainerClient(AzureBlobClient.java:71) ~[chaintest-core-1.0.1.jar:?]
	at com.aventstack.chaintest.storage.AzureBlobClient.create(AzureBlobClient.java:47) ~[chaintest-core-1.0.1.jar:?]
	at com.aventstack.chaintest.service.ChainPluginService.startStorageService(ChainPluginService.java:135) ~[chaintest-core-1.0.1.jar:?]
	at com.aventstack.chaintest.service.ChainPluginService.init(ChainPluginService.java:99) ~[chaintest-core-1.0.1.jar:?]
	at java.util.Optional.ifPresent(Optional.java:178) [?:?]
	at com.aventstack.chaintest.service.ChainPluginService.start(ChainPluginService.java:90) [chaintest-core-1.0.1.jar:?]
	at com.aventstack.chaintest.plugins.ChainTestListener.onExecutionStart(ChainTestListener.java:29) [chaintest-testng-1.0.1.jar:?]
	at org.testng.TestNG.runExecutionListeners(TestNG.java:1129) [testng-7.10.2.jar:7.10.2]
	at org.testng.TestNG.run(TestNG.java:1074) [testng-7.10.2.jar:7.10.2]
	at com.intellij.rt.testng.IDEARemoteTestNG.run(IDEARemoteTestNG.java:66) [testng-rt.jar:?]
	at com.intellij.rt.testng.RemoteTestNGStarter.main(RemoteTestNGStarter.java:105) [testng-rt.jar:?]
Caused by: java.net.MalformedURLException: Cannot invoke "String.length()" because "spec" is null
	at java.net.URL.<init>(URL.java:806) ~[?:?]
	at java.net.URL.<init>(URL.java:654) ~[?:?]
	at java.net.URL.<init>(URL.java:590) ~[?:?]
	at com.azure.storage.blob.BlobUrlParts.parse(BlobUrlParts.java:347) ~[azure-storage-blob-12.28.0.jar:12.28.0]
	... 16 more
Caused by: java.lang.NullPointerException: Cannot invoke "String.length()" because "spec" is null
	at java.net.URL.<init>(URL.java:712) ~[?:?]
	at java.net.URL.<init>(URL.java:654) ~[?:?]
	at java.net.URL.<init>(URL.java:590) ~[?:?]
	at com.azure.storage.blob.BlobUrlParts.parse(BlobUrlParts.java:347) ~[azure-storage-blob-12.28.0.jar:12.28.0]
	... 16 more
[INFO ] 2025-01-10 15:22:30.062 [main] Utils - [TestNG] Running:
  D:\Selenium Project\E2EFramwork\testng-UI.xml

[INFO ] 2025-01-10 15:22:35.250 [main] RegisterTest - --------------Started-------------------
[INFO ] 2025-01-10 15:22:46.639 [main] RegisterTest - --------------FINISHED-------------------
[INFO ] 2025-01-10 15:22:52.810 [main] LoginTestValidCred - --------------Started-------------------
[INFO ] 2025-01-10 15:22:56.168 [main] LoginTestValidCred - --------------FINISHED-------------------
[INFO ] 2025-01-10 15:23:02.182 [main] LoginTestInvalidCred - --------------Started-------------------
[INFO ] 2025-01-10 15:23:04.928 [main] LoginTestInvalidCred - --------------FINISHED-------------------
[INFO ] 2025-01-10 15:23:10.069 [main] LogoutTest - --------------Started-------------------
[INFO ] 2025-01-10 15:23:16.060 [main] LogoutTest - --------------FINISHED-------------------
[INFO ] 2025-01-10 15:23:21.672 [main] RegisterExistingUser - --------------Started-------------------
[INFO ] 2025-01-10 15:23:25.200 [main] RegisterExistingUser - --------------FINISHED-------------------
[INFO ] 2025-01-10 15:23:30.007 [main] ContactusTest - --------------Started-------------------
[INFO ] 2025-01-10 15:23:48.875 [main] ContactusTest - --------------FINISHED-------------------
[INFO ] 2025-01-10 15:24:27.869 [main] ProductTest_SearchBox - --------------Started-------------------
[INFO ] 2025-01-10 15:24:52.137 [main] ProductTest_SearchBox - --------------FINISHED-------------------
[INFO ] 2025-01-10 15:24:57.185 [main] SubscriptionTest - --------------Started-------------------
[INFO ] 2025-01-10 15:24:59.544 [main] SubscriptionTest - --------------FINISHED-------------------
[INFO ] 2025-01-10 15:25:05.602 [main] SubscriptionCartTest - --------------Started-------------------
[INFO ] 2025-01-10 15:25:08.987 [main] SubscriptionCartTest - --------------FINISHED-------------------
[INFO ] 2025-01-10 15:25:13.914 [main] RegisterTest - --------------Started-------------------
[INFO ] 2025-01-10 15:25:23.365 [main] RegisterTest - --------------FINISHED-------------------
[ERROR] 2025-01-10 15:30:46.121 [main] AzureBlobClient - Failed to create Azure Blob Storage client
java.lang.IllegalArgumentException: Invalid URL format. URL: null
	at com.azure.storage.blob.BlobUrlParts.parse(BlobUrlParts.java:349) ~[azure-storage-blob-12.28.0.jar:12.28.0]
	at com.azure.storage.blob.implementation.util.BuilderHelper.httpsValidation(BuilderHelper.java:192) ~[azure-storage-blob-12.28.0.jar:12.28.0]
	at com.azure.storage.blob.implementation.util.BuilderHelper.buildPipeline(BuilderHelper.java:123) ~[azure-storage-blob-12.28.0.jar:12.28.0]
	at com.azure.storage.blob.BlobServiceClientBuilder.buildAsyncClient(BlobServiceClientBuilder.java:137) ~[azure-storage-blob-12.28.0.jar:12.28.0]
	at com.azure.storage.blob.BlobServiceClientBuilder.buildClient(BlobServiceClientBuilder.java:116) ~[azure-storage-blob-12.28.0.jar:12.28.0]
	at com.aventstack.chaintest.storage.AzureBlobClient.getServiceClient(AzureBlobClient.java:63) ~[chaintest-core-1.0.1.jar:?]
	at com.aventstack.chaintest.storage.AzureBlobClient.getContainerClient(AzureBlobClient.java:71) ~[chaintest-core-1.0.1.jar:?]
	at com.aventstack.chaintest.storage.AzureBlobClient.create(AzureBlobClient.java:47) ~[chaintest-core-1.0.1.jar:?]
	at com.aventstack.chaintest.service.ChainPluginService.startStorageService(ChainPluginService.java:135) ~[chaintest-core-1.0.1.jar:?]
	at com.aventstack.chaintest.service.ChainPluginService.init(ChainPluginService.java:99) ~[chaintest-core-1.0.1.jar:?]
	at java.util.Optional.ifPresent(Optional.java:178) [?:?]
	at com.aventstack.chaintest.service.ChainPluginService.start(ChainPluginService.java:90) [chaintest-core-1.0.1.jar:?]
	at com.aventstack.chaintest.plugins.ChainTestListener.onExecutionStart(ChainTestListener.java:29) [chaintest-testng-1.0.1.jar:?]
	at org.testng.TestNG.runExecutionListeners(TestNG.java:1129) [testng-7.10.2.jar:7.10.2]
	at org.testng.TestNG.run(TestNG.java:1074) [testng-7.10.2.jar:7.10.2]
	at com.intellij.rt.testng.IDEARemoteTestNG.run(IDEARemoteTestNG.java:66) [testng-rt.jar:?]
	at com.intellij.rt.testng.RemoteTestNGStarter.main(RemoteTestNGStarter.java:105) [testng-rt.jar:?]
Caused by: java.net.MalformedURLException: Cannot invoke "String.length()" because "spec" is null
	at java.net.URL.<init>(URL.java:806) ~[?:?]
	at java.net.URL.<init>(URL.java:654) ~[?:?]
	at java.net.URL.<init>(URL.java:590) ~[?:?]
	at com.azure.storage.blob.BlobUrlParts.parse(BlobUrlParts.java:347) ~[azure-storage-blob-12.28.0.jar:12.28.0]
	... 16 more
Caused by: java.lang.NullPointerException: Cannot invoke "String.length()" because "spec" is null
	at java.net.URL.<init>(URL.java:712) ~[?:?]
	at java.net.URL.<init>(URL.java:654) ~[?:?]
	at java.net.URL.<init>(URL.java:590) ~[?:?]
	at com.azure.storage.blob.BlobUrlParts.parse(BlobUrlParts.java:347) ~[azure-storage-blob-12.28.0.jar:12.28.0]
	... 16 more
[INFO ] 2025-01-10 15:30:47.573 [main] Utils - [TestNG] Running:
  D:\Selenium Project\E2EFramwork\testng-UI.xml

[INFO ] 2025-01-10 15:30:53.532 [main] RegisterTest - --------------Started-------------------
[INFO ] 2025-01-10 15:31:06.247 [main] RegisterTest - --------------FINISHED-------------------
